// Jest Snapshot v1, https://goo.gl/fbAQLP

exports[`LoadingIndicator matches the snapshot 1`] = `
<div
  class="no-print  Progress__Wrapper-yfxggj-0 fHvQdR"
  data-testid="progress-wrapper"
  type="undetermined"
>
  <div
    class="Progress__Pie-yfxggj-1 fJhYlZ"
  />
</div>
`;
